src/inventory/developers/developers.service.ts(3,31): error TS2307: Cannot find module '../../../database/prisma.service' or its corresponding type declarations.
src/inventory/developments/developments.service.ts(3,31): error TS2307: Cannot find module '../../../database/prisma.service' or its corresponding type declarations.
src/inventory/units/units.service.ts(3,31): error TS2307: Cannot find module '../../../database/prisma.service' or its corresponding type declarations.
